2024-10-22 22:35:01 | INFO    | __main__:stash:131 | run - {'image': '20231121', 'version': '0.10.1.post2', 'role': 'EpicPlayer', 'headless': True}
2024-10-22 22:35:10 | INFO    | __main__:claim_epic_games:97 | Try to flush cookie - {'task': 'claim_epic_games'}
2024-10-22 22:35:13 | INFO    | epic_games.agent:_login:237 | login-with-email - {'url': 'https://www.epicgames.com/id/login?lang=en-US&noHostRedirect=true&redirectUrl=https://store.epicgames.com/en-US/free-games&__cf_chl_rt_tk=t5K0KK3iyfY2emp_dr92GKx8_xCcOwvTALDu1kmNGrQ-1729607712-1.0.1.1-M.VbSjkJa70MKLYzd2jUqmfcQpwikbzk4H7OYgJAnZQ'}
2024-10-22 22:35:43 | WARNING    | epic_games.agent:authorize:266 | 执行超时 - {'task': 'authorize', 'retry': 0}
2024-10-22 22:35:45 | INFO    | epic_games.agent:_login:237 | login-with-email - {'url': 'https://www.epicgames.com/id/login?lang=en-US&noHostRedirect=true&redirectUrl=https://store.epicgames.com/en-US/free-games&__cf_chl_rt_tk=UnCP88p_Z6cqjV8wKCp_yLoGAdZU8SScYOZx2RUOHZg-1729607745-1.0.1.1-UHyaIVxocJm1j2p.VEBBHhZfuTfz9zKIeEk55O4mvYM'}
2024-10-22 22:36:15 | WARNING    | epic_games.agent:authorize:266 | 执行超时 - {'task': 'authorize', 'retry': 1}
2024-10-22 22:36:17 | INFO    | epic_games.agent:_login:237 | login-with-email - {'url': 'https://www.epicgames.com/id/login?lang=en-US&noHostRedirect=true&redirectUrl=https://store.epicgames.com/en-US/free-games&__cf_chl_rt_tk=YUTtPl_jDw4_6tesX0ESH67B3PzsUm38WHHrHFbKw3g-1729607777-1.0.1.1-pGKsialfcWJW2VVUAmisMQKGE56d_Juj_7Ps8FGgYtM'}
2024-10-22 22:36:47 | WARNING    | epic_games.agent:authorize:266 | 执行超时 - {'task': 'authorize', 'retry': 2}
2024-10-22 22:36:48 | ERROR    | __main__:run:158 | An error has been caught in function 'run', process 'MainProcess' (3575), thread 'MainThread' (139951670647680): - {}
Traceback (most recent call last):
  File "/home/runner/work/epic_free_1/epic_free_1/epic/src/claim.py", line 162, in <module>
    asyncio.run(run())
  File "/opt/hostedtoolcache/Python/3.10.15/x64/lib/python3.10/asyncio/runners.py", line 44, in run
    return loop.run_until_complete(main)
  File "/opt/hostedtoolcache/Python/3.10.15/x64/lib/python3.10/asyncio/base_events.py", line 636, in run_until_complete
    self.run_forever()
  File "/opt/hostedtoolcache/Python/3.10.15/x64/lib/python3.10/asyncio/base_events.py", line 603, in run_forever
    self._run_once()
  File "/opt/hostedtoolcache/Python/3.10.15/x64/lib/python3.10/asyncio/base_events.py", line 1909, in _run_once
    handle._run()
  File "/opt/hostedtoolcache/Python/3.10.15/x64/lib/python3.10/asyncio/events.py", line 80, in _run
    self._context.run(self._callback, *self._args)
> File "/home/runner/work/epic_free_1/epic_free_1/epic/src/claim.py", line 158, in run
    await agent.stash()
  File "/home/runner/work/epic_free_1/epic_free_1/epic/src/claim.py", line 151, in stash
    await self.claim_epic_games(context)
  File "/home/runner/work/epic_free_1/epic_free_1/epic/src/claim.py", line 98, in claim_epic_games
    if await epic.authorize(page):
  File "/home/runner/work/epic_free_1/epic_free_1/epic/src/epic_games/agent.py", line 269, in authorize
    raise RuntimeError(f"Failed to flush token - agent={self.__class__.__name__}")
RuntimeError: Failed to flush token - agent=EpicGames
